Starting test...
✅ Connection verification successful!